05-17 10:10:22.794 16202 16202 D WindowManager: Add to mViews: com.oplus.internal.widget.OplusToastLayout{ad0fb1e V.E...... ......I. 0,0-0,0 #c020084 oplus:id/oplus_toast_layout alpha=1.0 viewInfo = },pkg= com.loader
05-17 10:10:22.810 16202 16202 D ViewRootImplExtImpl: onDisplayChanged -1 for VRI android.view.ViewRootImpl@2d5bc15
05-17 10:10:22.813 16202 16202 D InputEventReceiver: Input log is disabled in InputEventReceiver.
05-17 10:10:22.815 16202 16202 I Quality : Skipped: false 2 cost 49.847057 refreshRate 16678949 bit true processName com.loader
05-17 10:10:22.816 16202 16202 E OplusBracketLog: [OplusViewMirrorManager] updateHostViewRootIfNeeded, not support android.view.ViewRootImpl@2d5bc15
05-17 10:10:22.834 16202 16202 D BufferQueueConsumer: [](id:3f4a00000005,api:0,p:-1,c:16202) connect: controlledByApp=false
05-17 10:10:22.839 16202 16254 E OpenGLRenderer: Unable to match the desired swap behavior.
05-17 10:10:22.841 16202 16202 I SurfaceControl:  setExtendedRangeBrightness sc=Surface(name=Toast)/@0x4828eb8,currentBufferRatio=1.0,desiredRatio=1.0
05-17 10:10:22.846 16202 16254 D BLASTBufferQueue: [VRI[Toast][Toast]#5](f:0,a:1) acquireNextBufferLocked size=390x174 mFrameNumber=1 applyTransaction=true mTimestamp=68888995908105(auto) mPendingTransactions.size=0 graphicBufferId=69587060129827 transform=0
05-17 10:10:22.847 16202 16254 D VRI[Toast]: Received frameCommittedCallback lastAttemptedDrawFrameNum=1 didProduceBuffer=true syncBuffer=false
05-17 10:10:22.847 16202 16202 D VRI[Toast]: draw finished. seqId=0
05-17 10:10:22.847 16202 16202 D VRI[Toast]: reportDrawFinished
05-17 10:10:22.848 16202 16202 D ViewRootImplExtImpl: setMaxDequeuedBufferCount: 2
05-17 10:10:22.848 16202 16202 I Quality : Skipped: false 1 cost 16.802616 refreshRate 16679413 bit true processName com.loader
05-17 10:10:22.850 16202 16254 D VRI[Toast]: Received frameCommittedCallback lastAttemptedDrawFrameNum=2 didProduceBuffer=false syncBuffer=false
05-17 10:10:22.850 16202 16202 D VRI[Toast]: draw finished. seqId=0
05-17 10:10:22.850 16202 16202 D VRI[Toast]: reportDrawFinished
05-17 10:10:23.176 16202 16202 V AutofillManager: requestHideFillUi(null): anchor = null
05-17 10:10:23.275 16202 16202 D ViewRootImplExtImpl: the up motion event handled by client, just return
05-17 10:10:23.488 16202 16202 V AutofillManager: requestHideFillUi(null): anchor = null
05-17 10:10:23.570 16202 16202 D ViewRootImplExtImpl: the up motion event handled by client, just return
05-17 10:10:23.570 16202 16202 V AutofillManager: notifyValueChanged(1073741826): ignoring on state UNKNOWN
05-17 10:10:23.571 16202 16202 V TextView: notifyAutoFillManagerAfterTextChanged
05-17 10:10:23.571 16202 16202 V AutofillManager: notifyValueChanged(1073741826): ignoring on state UNKNOWN
05-17 10:10:23.583 16202 16202 I oplus.android.OplusFrameworkFactoryImpl: get feature:IOplusDynamicVsyncFeature
05-17 10:10:23.583 16202 16202 I oplus.android.OplusFrameworkFactoryImpl: get feature:IOplusDynamicVsyncFeature
05-17 10:10:23.583 16202 16202 I oplus.android.OplusFrameworkFactoryImpl: get feature:IOplusDynamicVsyncFeature
05-17 10:10:23.586 16202 16202 I oplus.android.OplusFrameworkFactoryImpl: get feature:IOplusDynamicVsyncFeature
05-17 10:10:23.586 16202 16202 I oplus.android.OplusFrameworkFactoryImpl: get feature:IOplusDynamicVsyncFeature
05-17 10:10:23.586 16202 16202 I oplus.android.OplusFrameworkFactoryImpl: get feature:IOplusDynamicVsyncFeature
05-17 10:10:23.597 16202 16202 D WindowManager: Add to mViews: DecorView@ce104e7[MainActivity],pkg= com.loader
05-17 10:10:23.608 16202 16202 D ViewRootImplExtImpl: onDisplayChanged -1 for VRI android.view.ViewRootImpl@6814332
05-17 10:10:23.609 16202 16202 D InputEventReceiver: Input log is disabled in InputEventReceiver.
05-17 10:10:23.610 16202 16202 D AutofillManager: notifyViewEnteredForFillDialog:1073741826
05-17 10:10:23.610 16202 16202 I Quality : Skipped: false 1 cost 28.372849 refreshRate 16666667 bit true processName com.loader
05-17 10:10:23.612 16202 16202 E OplusBracketLog: [OplusViewMirrorManager] updateHostViewRootIfNeeded, not support android.view.ViewRootImpl@6814332
05-17 10:10:23.623 16202 16202 D BufferQueueConsumer: [](id:3f4a00000006,api:0,p:-1,c:16202) connect: controlledByApp=false
05-17 10:10:23.626 16202 16254 E OpenGLRenderer: Unable to match the desired swap behavior.
05-17 10:10:23.627 16202 16202 I SurfaceControl:  setExtendedRangeBrightness sc=Surface(name=com.loader/android.loader.activity.MainActivity)/@0xd2b6239,currentBufferRatio=1.0,desiredRatio=1.0
05-17 10:10:23.632 16202 16254 D BLASTBufferQueue: [VRI[MainActivity][com.loader/android.loader.activity.MainActivity]#6](f:0,a:1) acquireNextBufferLocked size=812x390 mFrameNumber=1 applyTransaction=true mTimestamp=68889782320490(auto) mPendingTransactions.size=0 graphicBufferId=69587060129835 transform=0
05-17 10:10:23.633 16202 16254 D VRI[MainActivity]: Received frameCommittedCallback lastAttemptedDrawFrameNum=1 didProduceBuffer=true syncBuffer=false
05-17 10:10:23.633 16202 16202 D VRI[MainActivity]: draw finished. seqId=0
05-17 10:10:23.633 16202 16202 D VRI[MainActivity]: reportDrawFinished
05-17 10:10:23.633 16202 16202 D ViewRootImplExtImpl: setMaxDequeuedBufferCount: 2
05-17 10:10:23.635 16202 16202 I Quality : Skipped: false 1 cost 19.37582 refreshRate 16666667 bit true processName com.loader
05-17 10:10:23.655 16202 16254 D VRI[MainActivity]: Received frameCommittedCallback lastAttemptedDrawFrameNum=2 didProduceBuffer=true syncBuffer=false
05-17 10:10:23.655 16202 16202 D VRI[MainActivity]: draw finished. seqId=0
05-17 10:10:23.655 16202 16202 D VRI[MainActivity]: reportDrawFinished
05-17 10:10:23.657 16202 16202 D VRI[MainActivity]: onFocusEvent false
05-17 10:10:23.690 16202 16202 D VRI[MainActivity]: onFocusEvent true
05-17 10:10:24.248 16202 16202 D Dialog  : dispatchKeyEvent to android.app.AlertDialog@c7a1f71 will call onBackPressed
05-17 10:10:24.248 16202 16202 D Dialog  : dispatchKeyEvent onBackPressed, cancelable=false
05-17 10:10:24.660 16202 16259 D OplusScrollToTopManager: com.loader/android.loader.activity.MainActivity,This DecorView@8a633cb[MainActivity] change focus to false
05-17 10:10:24.691 16202 16202 D callGcSupression: java.lang.NullPointerException: Attempt to invoke virtual method 'java.lang.Object java.lang.reflect.Method.invoke(java.lang.Object, java.lang.Object[])' on a null object reference
05-17 10:10:24.694 16202 16259 D OplusScrollToTopManager: com.loader/android.loader.activity.MainActivity,This DecorView@ce104e7[MainActivity] change focus to true
05-17 10:10:24.882 16202 16202 D VRI[MainActivity]: onFocusEvent false
05-17 10:10:25.087 16202 16202 D OplusScrollToTopManager: com.loader/android.loader.activity.MainActivity,window dying
05-17 10:10:25.087 16202 16202 D OplusScrollToTopManager: com.loader/android.loader.activity.MainActivity,unregisterSystemUIBroadcastReceiver 
05-17 10:10:25.087 16202 16202 D OplusScrollToTopManager: com.loader/android.loader.activity.MainActivity, unregisterSystemUIBroadcastReceiver failed java.lang.IllegalArgumentException: Receiver not registered: android.view.OplusScrollToTopManager$2@7fa0156
05-17 10:10:25.088 16202 16202 W WindowOnBackDispatcher: sendCancelIfRunning: isInProgress=falsecallback=android.view.ViewRootImpl$$ExternalSyntheticLambda17@22f0883
05-17 10:10:25.089 16202 16202 D OpenGLRenderer: R